{
  "zh_cn": {
    "content": [
      [
        {
          "tag": "text",
          "text": "Sample code below:"
        }
      ],
      [
        {
          "tag": "text",
          "text": ""
        }
      ],
      [
        {
          "language": "python",
          "tag": "code_block",
          "text": "def hello():\n    print(\"hi\")\n    return 42"
        }
      ],
      [
        {
          "tag": "text",
          "text": ""
        }
      ],
      [
        {
          "tag": "text",
          "text": "After the code block."
        }
      ],
      [
        {
          "tag": "text",
          "text": ""
        }
      ]
    ]
  }
}